[2m10:36:00[22m [31m[1m[vite][22m[39m Pre-transform error: D:\projects\ITPlanetaTramplinEfimof\src\pages\company\CompanyPublicProfilePage.jsx: Nullish coalescing operator(??) requires parens when mixing with logical operators. (133:38)

[0m [90m 131 |[39m     href[33m,[39m
 [90m 132 |[39m     label[33m:[39m [33mSOCIAL_LABELS[39m[type] [33m?[39m[33m?[39m [33mString[39m(item[33m.[39mlabel [33m?[39m[33m?[39m type [33m?[39m[33m?[39m [32m`link ${index + 1}`[39m)[33m.[39mtrim()[33m.[39mtoLowerCase()[33m,[39m
[31m[1m>[22m[39m[90m 133 |[39m     type[33m:[39m [33mSOCIAL_LABELS[39m[type] [33m?[39m[33m?[39m type [33m||[39m [32m"link"[39m[33m,[39m
 [90m     |[39m                                       [31m[1m^[22m[39m
 [90m 134 |[39m   }[33m;[39m
 [90m 135 |[39m }
 [90m 136 |[39m[0m
[2m10:36:00[22m [31m[1m[vite][22m[39m [31mInternal server error: D:\projects\ITPlanetaTramplinEfimof\src\pages\company\CompanyPublicProfilePage.jsx: Nullish coalescing operator(??) requires parens when mixing with logical operators. (133:38)

[0m [90m 131 |[31m     href[33m,[31m
 [90m 132 |[31m     label[33m:[31m [33mSOCIAL_LABELS[31m[type] [33m?[31m[33m?[31m [33mString[31m(item[33m.[31mlabel [33m?[31m[33m?[31m type [33m?[31m[33m?[31m [32m`link ${index + 1}`[31m)[33m.[31mtrim()[33m.[31mtoLowerCase()[33m,[31m
[31m[1m>[22m[31m[90m 133 |[31m     type[33m:[31m [33mSOCIAL_LABELS[31m[type] [33m?[31m[33m?[31m type [33m||[31m [32m"link"[31m[33m,[31m
 [90m     |[31m                                       [31m[1m^[22m[31m
 [90m 134 |[31m   }[33m;[31m
 [90m 135 |[31m }
 [90m 136 |[31m[0m[39m
  Plugin: [35mvite:react-babel[39m
  File: [36mD:/projects/ITPlanetaTramplinEfimof/src/pages/company/CompanyPublicProfilePage.jsx[39m:133:38
[33m  131|      href,
  132|      label: SOCIAL_LABELS[type] ?? String(item.label ?? type ?? `link ${index + 1}`).trim().toLowerCase(),
  133|      type: SOCIAL_LABELS[type] ?? type || "link",
     |                                        ^
  134|    };
  135|  }[39m
      at constructor (D:\projects\ITPlanetaTramplinEfimof\node_modules\@babel\parser\lib\index.js:365:19)
      at JSXParserMixin.raise (D:\projects\ITPlanetaTramplinEfimof\node_modules\@babel\parser\lib\index.js:6599:19)
      at JSXParserMixin.parseExprOp (D:\projects\ITPlanetaTramplinEfimof\node_modules\@babel\parser\lib\index.js:10951:22)
      at JSXParserMixin.parseExprOps (D:\projects\ITPlanetaTramplinEfimof\node_modules\@babel\parser\lib\index.js:10908:17)
      at JSXParserMixin.parseMaybeConditional (D:\projects\ITPlanetaTramplinEfimof\node_modules\@babel\parser\lib\index.js:10881:23)
      at JSXParserMixin.parseMaybeAssign (D:\projects\ITPlanetaTramplinEfimof\node_modules\@babel\parser\lib\index.js:10831:21)
      at D:\projects\ITPlanetaTramplinEfimof\node_modules\@babel\parser\lib\index.js:10800:39
      at JSXParserMixin.allowInAnd (D:\projects\ITPlanetaTramplinEfimof\node_modules\@babel\parser\lib\index.js:12426:12)
      at JSXParserMixin.parseMaybeAssignAllowIn (D:\projects\ITPlanetaTramplinEfimof\node_modules\@babel\parser\lib\index.js:10800:17)
      at JSXParserMixin.parseMaybeAssignAllowInOrVoidPattern (D:\projects\ITPlanetaTramplinEfimof\node_modules\@babel\parser\lib\index.js:12493:17)
      at JSXParserMixin.parseObjectProperty (D:\projects\ITPlanetaTramplinEfimof\node_modules\@babel\parser\lib\index.js:11950:83)
      at JSXParserMixin.parseObjPropValue (D:\projects\ITPlanetaTramplinEfimof\node_modules\@babel\parser\lib\index.js:11978:100)
      at JSXParserMixin.parsePropertyDefinition (D:\projects\ITPlanetaTramplinEfimof\node_modules\@babel\parser\lib\index.js:11915:17)
      at JSXParserMixin.parseObjectLike (D:\projects\ITPlanetaTramplinEfimof\node_modules\@babel\parser\lib\index.js:11832:21)
      at JSXParserMixin.parseExprAtom (D:\projects\ITPlanetaTramplinEfimof\node_modules\@babel\parser\lib\index.js:11339:23)
      at JSXParserMixin.parseExprAtom (D:\projects\ITPlanetaTramplinEfimof\node_modules\@babel\parser\lib\index.js:4764:20)
      at JSXParserMixin.parseExprSubscripts (D:\projects\ITPlanetaTramplinEfimof\node_modules\@babel\parser\lib\index.js:11081:23)
      at JSXParserMixin.parseUpdate (D:\projects\ITPlanetaTramplinEfimof\node_modules\@babel\parser\lib\index.js:11066:21)
      at JSXParserMixin.parseMaybeUnary (D:\projects\ITPlanetaTramplinEfimof\node_modules\@babel\parser\lib\index.js:11046:23)
      at JSXParserMixin.parseMaybeUnaryOrPrivate (D:\projects\ITPlanetaTramplinEfimof\node_modules\@babel\parser\lib\index.js:10899:61)
      at JSXParserMixin.parseExprOps (D:\projects\ITPlanetaTramplinEfimof\node_modules\@babel\parser\lib\index.js:10904:23)
      at JSXParserMixin.parseMaybeConditional (D:\projects\ITPlanetaTramplinEfimof\node_modules\@babel\parser\lib\index.js:10881:23)
      at JSXParserMixin.parseMaybeAssign (D:\projects\ITPlanetaTramplinEfimof\node_modules\@babel\parser\lib\index.js:10831:21)
      at JSXParserMixin.parseExpressionBase (D:\projects\ITPlanetaTramplinEfimof\node_modules\@babel\parser\lib\index.js:10784:23)
      at D:\projects\ITPlanetaTramplinEfimof\node_modules\@babel\parser\lib\index.js:10780:39
      at JSXParserMixin.allowInAnd (D:\projects\ITPlanetaTramplinEfimof\node_modules\@babel\parser\lib\index.js:12421:16)
      at JSXParserMixin.parseExpression (D:\projects\ITPlanetaTramplinEfimof\node_modules\@babel\parser\lib\index.js:10780:17)
      at JSXParserMixin.parseReturnStatement (D:\projects\ITPlanetaTramplinEfimof\node_modules\@babel\parser\lib\index.js:13142:28)
      at JSXParserMixin.parseStatementContent (D:\projects\ITPlanetaTramplinEfimof\node_modules\@babel\parser\lib\index.js:12798:21)
      at JSXParserMixin.parseStatementLike (D:\projects\ITPlanetaTramplinEfimof\node_modules\@babel\parser\lib\index.js:12767:17)
      at JSXParserMixin.parseStatementListItem (D:\projects\ITPlanetaTramplinEfimof\node_modules\@babel\parser\lib\index.js:12747:17)
      at JSXParserMixin.parseBlockOrModuleBlockBody (D:\projects\ITPlanetaTramplinEfimof\node_modules\@babel\parser\lib\index.js:13316:61)
      at JSXParserMixin.parseBlockBody (D:\projects\ITPlanetaTramplinEfimof\node_modules\@babel\parser\lib\index.js:13309:10)
      at JSXParserMixin.parseBlock (D:\projects\ITPlanetaTramplinEfimof\node_modules\@babel\parser\lib\index.js:13297:10)
      at JSXParserMixin.parseFunctionBody (D:\projects\ITPlanetaTramplinEfimof\node_modules\@babel\parser\lib\index.js:12100:24)
      at JSXParserMixin.parseFunctionBodyAndFinish (D:\projects\ITPlanetaTramplinEfimof\node_modules\@babel\parser\lib\index.js:12086:10)
      at D:\projects\ITPlanetaTramplinEfimof\node_modules\@babel\parser\lib\index.js:13445:12
      at JSXParserMixin.withSmartMixTopicForbiddingContext (D:\projects\ITPlanetaTramplinEfimof\node_modules\@babel\parser\lib\index.js:12403:14)
      at JSXParserMixin.parseFunction (D:\projects\ITPlanetaTramplinEfimof\node_modules\@babel\parser\lib\index.js:13444:10)
      at JSXParserMixin.parseFunctionStatement (D:\projects\ITPlanetaTramplinEfimof\node_modules\@babel\parser\lib\index.js:13125:17)
      at JSXParserMixin.parseStatementContent (D:\projects\ITPlanetaTramplinEfimof\node_modules\@babel\parser\lib\index.js:12791:21)
      at JSXParserMixin.parseStatementLike (D:\projects\ITPlanetaTramplinEfimof\node_modules\@babel\parser\lib\index.js:12767:17)
      at JSXParserMixin.parseModuleItem (D:\projects\ITPlanetaTramplinEfimof\node_modules\@babel\parser\lib\index.js:12744:17)
      at JSXParserMixin.parseBlockOrModuleBlockBody (D:\projects\ITPlanetaTramplinEfimof\node_modules\@babel\parser\lib\index.js:13316:36)
      at JSXParserMixin.parseBlockBody (D:\projects\ITPlanetaTramplinEfimof\node_modules\@babel\parser\lib\index.js:13309:10)
      at JSXParserMixin.parseProgram (D:\projects\ITPlanetaTramplinEfimof\node_modules\@babel\parser\lib\index.js:12622:10)
      at JSXParserMixin.parseTopLevel (D:\projects\ITPlanetaTramplinEfimof\node_modules\@babel\parser\lib\index.js:12612:25)
      at JSXParserMixin.parse (D:\projects\ITPlanetaTramplinEfimof\node_modules\@babel\parser\lib\index.js:14488:25)
      at parse (D:\projects\ITPlanetaTramplinEfimof\node_modules\@babel\parser\lib\index.js:14522:38)
      at parser (D:\projects\ITPlanetaTramplinEfimof\node_modules\@babel\core\lib\parser\index.js:41:34)
^C